src/utils/mockData.ts(371,3): error TS2741: Property 'subject' is missing in type '{ course: string; category: string; marks: { exam: string; obtained: number; maxMark: number; }[]; total: { obtained: number; maxMark: number; }; }' but required in type 'MarkDetail'.
src/utils/mockData.ts(382,3): error TS2741: Property 'subject' is missing in type '{ course: string; category: string; marks: { exam: string; obtained: number; maxMark: number; }[]; total: { obtained: number; maxMark: number; }; }' but required in type 'MarkDetail'.
src/utils/mockData.ts(393,3): error TS2741: Property 'subject' is missing in type '{ course: string; category: string; marks: { exam: string; obtained: number; maxMark: number; }[]; total: { obtained: number; maxMark: number; }; }' but required in type 'MarkDetail'.
src/utils/mockData.ts(404,3): error TS2741: Property 'subject' is missing in type '{ course: string; category: string; marks: { exam: string; obtained: number; maxMark: number; }[]; total: { obtained: number; maxMark: number; }; }' but required in type 'MarkDetail'.
src/utils/mockData.ts(415,3): error TS2741: Property 'subject' is missing in type '{ course: string; category: string; marks: { exam: string; obtained: number; maxMark: number; }[]; total: { obtained: number; maxMark: number; }; }' but required in type 'MarkDetail'.
src/utils/mockData.ts(426,3): error TS2741: Property 'subject' is missing in type '{ course: string; category: string; marks: { exam: string; obtained: number; maxMark: number; }[]; total: { obtained: number; maxMark: number; }; }' but required in type 'MarkDetail'.
src/utils/mockData.ts(437,3): error TS2741: Property 'subject' is missing in type '{ course: string; category: string; marks: { exam: string; obtained: number; maxMark: number; }[]; total: { obtained: number; maxMark: number; }; }' but required in type 'MarkDetail'.
src/utils/mockData.ts(448,3): error TS2741: Property 'subject' is missing in type '{ course: string; category: string; marks: { exam: string; obtained: number; maxMark: number; }[]; total: { obtained: number; maxMark: number; }; }' but required in type 'MarkDetail'.
src/utils/mockData.ts(459,3): error TS2741: Property 'subject' is missing in type '{ course: string; category: string; marks: { exam: string; obtained: number; maxMark: number; }[]; total: { obtained: number; maxMark: number; }; }' but required in type 'MarkDetail'.
src/utils/mockData.ts(470,3): error TS2741: Property 'subject' is missing in type '{ course: string; category: string; marks: { exam: string; obtained: number; maxMark: number; }[]; total: { obtained: number; maxMark: number; }; }' but required in type 'MarkDetail'.
src/utils/mockData.ts(480,3): error TS2741: Property 'subject' is missing in type '{ course: string; category: string; marks: { exam: string; obtained: number; maxMark: number; }[]; total: { obtained: number; maxMark: number; }; }' but required in type 'MarkDetail'.
